>>> BaseGeometry = __import__('7-base_geometry').BaseGeometry
>>> bg = BaseGeometry()

>>> bg.integer_validator("my_int", "Deiwin")
Traceback (most recent call last):
TypeError: my_int must be an integer

>>> bg.integer_validator("Edad", 0)
Traceback (most recent call last):
ValueError: Edad must be greater than 0

>>> bg.integer_validator("distance", -4)
Traceback (most recent call last):
ValueError: distance must be greater than 0

>>> bg.area()
Traceback (most recent call last):
Exception: area() is not implemented

>>> bg.integer_validator()
Traceback (most recent call last):
TypeError: integer_validator() missing 2 required positional arguments: 'name' and 'value'

>>> bg.integer_validator("Edad", 1)

>>> bg.integer_validator("Edad", (4,))
Traceback (most recent call last):
TypeError: Edad must be an integer

>>> bg.integer_validator("Edad", [3])
Traceback (most recent call last):
TypeError: Edad must be an integer

>>> bg.integer_validator("Edad", True)
Traceback (most recent call last):
TypeError: Edad must be an integer

>>> bg.integer_validator("Edad", {3,4})
Traceback (most recent call last):
TypeError: Edad must be an integer

>>> bg.integer_validator("Edad", None)
Traceback (most recent call last):
TypeError: Edad must be an integer
